// Jest Snapshot v1, https://goo.gl/fbAQLP

exports[`Yellow Component Renders Yellow 1`] = `
<div
  style={
    Object {
      "backgroundColor": "yellow",
      "borderRadius": "50%",
      "height": "200px",
      "margin": "1em",
      "width": "200px",
    }
  }
/>
`;
